controllers/userController.ts(42,31): error TS2345: Argument of type 'string | string[]' is not assignable to parameter of type 'string'.
  Type 'string[]' is not assignable to type 'string'.
controllers/userController.ts(150,49): error TS2345: Argument of type 'string | string[]' is not assignable to parameter of type 'string'.
  Type 'string[]' is not assignable to type 'string'.
utils/index.ts(1,20): error TS7016: Could not find a declaration file for module 'bcryptjs'. 'D:/Documents-from-ssd/React.js/connectu/server/node_modules/bcryptjs/index.js' implicitly has an 'any' type.
  Try `npm i --save-dev @types/bcryptjs` if it exists or add a new declaration (.d.ts) file containing `declare module 'bcryptjs';`
utils/index.ts(16,16): error TS2769: No overload matches this call.
  Overload 1 of 5, '(payload: string | object | Buffer<ArrayBufferLike>, secretOrPrivateKey: null, options?: (SignOptions & { algorithm: "none"; }) | undefined): string', gave the following error.
    Argument of type 'string' is not assignable to parameter of type 'null'.
  Overload 2 of 5, '(payload: string | object | Buffer<ArrayBufferLike>, secretOrPrivateKey: Buffer<ArrayBufferLike> | Secret | PrivateKeyInput | JsonWebKeyInput, options?: SignOptions | undefined): string', gave the following error.
    Type 'string | undefined' is not assignable to type 'number | StringValue | undefined'.
      Type 'string' is not assignable to type 'number | StringValue | undefined'.
  Overload 3 of 5, '(payload: string | object | Buffer<ArrayBufferLike>, secretOrPrivateKey: Buffer<ArrayBufferLike> | Secret | PrivateKeyInput | JsonWebKeyInput, callback: SignCallback): void', gave the following error.
    Object literal may only specify known properties, and 'expiresIn' does not exist in type 'SignCallback'.
utils/sendEmail.ts(3,30): error TS7016: Could not find a declaration file for module 'uuid'. 'D:/Documents-from-ssd/React.js/connectu/server/node_modules/uuid/wrapper.mjs' implicitly has an 'any' type.
  Try `npm i --save-dev @types/uuid` if it exists or add a new declaration (.d.ts) file containing `declare module 'uuid';`
